// Jest Snapshot v1, https://goo.gl/fbAQLP

exports[`Auth renders 1`] = `
<DocumentFragment>
  <div
    class="MuiContainer-root MuiContainer-maxWidthLg"
  >
    <form
      data-testid="loginForm"
    >
      <div
        class="MuiBox-root MuiBox-root-12"
      >
        <div
          class="MuiGrid-root MuiGrid-container MuiGrid-direction-xs-column MuiGrid-align-items-xs-center MuiGrid-justify-xs-center"
        >
          <div
            class="MuiPaper-root MuiCard-root makeStyles-card-10 MuiPaper-elevation1 MuiPaper-rounded"
          >
            <div
              class="MuiCardHeader-root makeStyles-header-9"
            >
              <div
                class="MuiCardHeader-content"
              >
                <span
                  class="MuiTypography-root MuiCardHeader-title MuiTypography-h5 MuiTypography-displayBlock"
                >
                  Login
                </span>
              </div>
            </div>
            <div
              class="MuiCardContent-root"
            >
              <div
                class="MuiGrid-root MuiGrid-item MuiGrid-grid-lg-12"
              >
                <div
                  class="MuiFormControl-root MuiTextField-root MuiFormControl-fullWidth"
                >
                  <label
                    class="MuiFormLabel-root MuiInputLabel-root MuiInputLabel-formControl MuiInputLabel-animated"
                    data-shrink="false"
                    for="email"
                    id="email-label"
                  >
                    Email
                  </label>
                  <div
                    class="MuiInputBase-root MuiInput-root MuiInput-underline MuiInputBase-fullWidth MuiInput-fullWidth MuiInputBase-formControl MuiInput-formControl"
                  >
                    <input
                      aria-invalid="false"
                      class="MuiInputBase-input MuiInput-input"
                      id="email"
                      name="email"
                      placeholder="email"
                      type="text"
                      value=""
                    />
                  </div>
                </div>
              </div>
              <div
                class="MuiGrid-root MuiGrid-item MuiGrid-grid-lg-12"
              >
                <div
                  class="MuiFormControl-root MuiTextField-root MuiFormControl-fullWidth"
                >
                  <label
                    class="MuiFormLabel-root MuiInputLabel-root MuiInputLabel-formControl MuiInputLabel-animated"
                    data-shrink="false"
                    for="password"
                    id="password-label"
                  >
                    Password
                  </label>
                  <div
                    class="MuiInputBase-root MuiInput-root MuiInput-underline MuiInputBase-fullWidth MuiInput-fullWidth MuiInputBase-formControl MuiInput-formControl"
                  >
                    <input
                      aria-invalid="false"
                      class="MuiInputBase-input MuiInput-input"
                      id="password"
                      name="password"
                      placeholder="password"
                      type="password"
                      value=""
                    />
                  </div>
                </div>
              </div>
            </div>
            <div
              class="MuiCardActions-root MuiCardActions-spacing"
            >
              <div
                class="MuiGrid-root MuiGrid-item MuiGrid-grid-lg-12"
              >
                <button
                  class="MuiButtonBase-root MuiButton-root MuiButton-contained MuiButton-containedPrimary MuiButton-fullWidth"
                  data-testid="buttonSubmit"
                  id="login_button"
                  tabindex="0"
                  type="submit"
                >
                  <span
                    class="MuiButton-label"
                  >
                    Login
                  </span>
                  <span
                    class="MuiTouchRipple-root"
                  />
                </button>
              </div>
            </div>
          </div>
        </div>
      </div>
    </form>
  </div>
</DocumentFragment>
`;
