// Jest Snapshot v1, https://goo.gl/fbAQLP

exports[`FloatButton Component mounts 1`] = `
<DocumentFragment>
  <button
    class="MuiButtonBase-root MuiFab-root MuiFab-primary"
    tabindex="0"
    type="button"
  >
    <span
      class="MuiFab-label"
    >
      Submit
    </span>
    <span
      class="MuiTouchRipple-root"
    />
  </button>
</DocumentFragment>
`;
